-- SPDX-License-Identifier: Apache-2.0
--
-- VecInsert (pg_vector_executor.md §3.16; §5 VI): an INSERT's rows written
-- a batch at a time, in place of ModifyTable's row loop, through the
-- target's sink or table_multi_insert().  On a vanilla server no access
-- method has a sink: heap's rows go through table_multi_insert(), as COPY
-- writes them.  The tables it writes equal ModifyTable's, its errors are
-- PostgreSQL's, and where ModifyTable's work is needed the planner keeps
-- ModifyTable, with the reason.  The port's sinks are the sinks leg's.
\i sql/vexec_corpus_setup.sql
-- SPDX-License-Identifier: Apache-2.0
--
-- The layouts' semantics corpus (pg_vector_executor.md §6.2, "Layouts"): a
-- table of every kind of type vexec holds, with the values at each layout's
-- edges, over 2,600 rows -- three batches, the last short -- with NULLs at
-- the edges of the bitmaps' words and of the batches.
SET client_min_messages = warning;
CREATE EXTENSION IF NOT EXISTS vexec;
CREATE EXTENSION IF NOT EXISTS vexec_test;
RESET client_min_messages;
CREATE TABLE corpus (
	id int4,
	b bool, i2 int2, i4 int4, i8 int8, f4 float4, f8 float8,
	o oid, m money, ch "char",
	d date, t time, ts timestamp, tstz timestamptz, iv interval, tz timetz,
	n numeric, n10_2 numeric(10,2), n18_0 numeric(18,0), n38_5 numeric(38,5),
	n5_m2 numeric(5,-2), n3_10 numeric(3,10), n40_2 numeric(40,2),
	tx text, vc varchar(200), bp char(5), bt bytea, js json, jb jsonb,
	u uuid, nm name, mac macaddr, mac8 macaddr8, ip inet, pt point,
	a4 int4[], at text[], k int4, big text
);
-- big's long values are stored out of line, uncompressed
ALTER TABLE corpus ALTER COLUMN big SET STORAGE EXTERNAL;
-- a row's value is NULL where its id is at a word's edge, or every 7th
CREATE FUNCTION corpus_null(id int4, col int4) RETURNS bool
LANGUAGE sql IMMUTABLE AS
$$ SELECT (id - 1) % 64 IN (0, 63) OR (id + col) % 7 = 0 OR id IN (1024, 1025, 2048) $$;
INSERT INTO corpus
SELECT g,
	CASE WHEN corpus_null(g, 1) THEN NULL ELSE g % 3 = 0 END,
	CASE WHEN corpus_null(g, 2) THEN NULL
		 WHEN g % 50 = 1 THEN 32767 WHEN g % 50 = 2 THEN -32768 ELSE (g * 7) % 30000 - 15000 END,
	CASE WHEN corpus_null(g, 3) THEN NULL
		 WHEN g % 50 = 3 THEN 2147483647 WHEN g % 50 = 4 THEN -2147483648 ELSE (g::int8 * 1000003 % 1000000007)::int4 END,
	CASE WHEN corpus_null(g, 4) THEN NULL
		 WHEN g % 50 = 5 THEN 9223372036854775807 WHEN g % 50 = 6 THEN -9223372036854775808
		 ELSE g::int8 * 1000000007 * 97 END,
	CASE WHEN corpus_null(g, 5) THEN NULL
		 WHEN g % 50 = 7 THEN 'NaN' WHEN g % 50 = 8 THEN '-0' WHEN g % 50 = 9 THEN '-Infinity'
		 ELSE g / 7.0 END,
	CASE WHEN corpus_null(g, 6) THEN NULL
		 WHEN g % 50 = 10 THEN 'NaN' WHEN g % 50 = 11 THEN '-0' WHEN g % 50 = 12 THEN 'Infinity'
		 WHEN g % 50 = 13 THEN 1e308 ELSE g / 3.0 END,
	CASE WHEN corpus_null(g, 7) THEN NULL WHEN g % 50 = 14 THEN 4294967295 ELSE g END,
	CASE WHEN corpus_null(g, 8) THEN NULL ELSE (g * 1.25)::money END,
	CASE WHEN corpus_null(g, 9) THEN NULL ELSE chr(33 + g % 90)::"char" END,
	-- dates: the infinities, PostgreSQL's limits
	CASE WHEN corpus_null(g, 10) THEN NULL
		 WHEN g % 50 = 15 THEN 'infinity' WHEN g % 50 = 16 THEN '-infinity'
		 WHEN g % 50 = 17 THEN '4714-11-24 BC' WHEN g % 50 = 18 THEN '5874897-12-31'
		 ELSE '2000-01-01'::date + (g * 37 - 40000) END,
	-- time, 24:00:00 included
	CASE WHEN corpus_null(g, 11) THEN NULL WHEN g % 50 = 19 THEN '24:00:00'
		 ELSE '00:00:00'::time + g * interval '17 seconds' END,
	-- timestamps: the infinities, the limits, and from 294247-01-10 on
	CASE WHEN corpus_null(g, 12) THEN NULL
		 WHEN g % 50 = 20 THEN 'infinity' WHEN g % 50 = 21 THEN '-infinity'
		 WHEN g % 50 = 22 THEN '4714-11-24 00:00:00 BC'
		 WHEN g % 50 = 23 AND g > 2000 THEN '294276-12-31 23:59:59.999999'
		 WHEN g % 50 = 24 AND g > 2000 THEN '294247-01-10 04:00:54.775808'
		 WHEN g % 50 = 25 THEN '294247-01-10 04:00:54.775807'
		 ELSE '2000-01-01'::timestamp + g * interval '1 day 3 hours 7 minutes 11.123456 seconds' END,
	CASE WHEN corpus_null(g, 13) THEN NULL
		 WHEN g % 50 = 20 THEN 'infinity' WHEN g % 50 = 21 THEN '-infinity'
		 WHEN g % 50 = 23 AND g > 2000 THEN '294276-12-30 23:59:59.999999+00'
		 ELSE '1999-12-31 00:00:00+00'::timestamptz - g * interval '13 days 5 hours 0.5 seconds' END,
	-- intervals: the infinities, and time parts on both sides of 292 years in ns
	CASE WHEN corpus_null(g, 14) THEN NULL
		 WHEN g % 50 = 26 THEN 'infinity' WHEN g % 50 = 27 AND g > 2000 THEN '-infinity'
		 WHEN g % 50 = 28 AND g > 1000 THEN '2562048 hours'
		 WHEN g % 50 = 29 THEN '2562047 hours 47 minutes 16.854775 seconds'
		 ELSE make_interval(months => g % 13, days => g % 31, secs => g * 1.000001) END,
	CASE WHEN corpus_null(g, 15) THEN NULL ELSE ('10:11:12.13'::time + g * interval '1 second')::timetz END,
	-- numerics: NaN and the infinities, and each typmod's edges
	CASE WHEN corpus_null(g, 16) THEN NULL
		 WHEN g % 50 = 30 THEN 'NaN' WHEN g % 50 = 31 THEN 'Infinity' WHEN g % 50 = 32 THEN '-Infinity'
		 WHEN g % 50 = 33 THEN 1.000 ELSE g / 7.0::numeric END,
	CASE WHEN corpus_null(g, 17) THEN NULL
		 WHEN g % 50 = 34 THEN 99999999.99 WHEN g % 50 = 35 THEN -99999999.99 WHEN g % 50 = 36 THEN 0
		 ELSE g * 1.07 - 1000 END,
	CASE WHEN corpus_null(g, 18) THEN NULL
		 WHEN g % 50 = 34 THEN 999999999999999999 WHEN g % 50 = 35 THEN -999999999999999999
		 ELSE g::int8 * 123456789 END,
	CASE WHEN corpus_null(g, 19) THEN NULL
		 WHEN g % 50 = 34 THEN 999999999999999999999999999999999.99999
		 WHEN g % 50 = 35 THEN -999999999999999999999999999999999.99999
		 WHEN g % 50 = 36 AND g > 1000 THEN 'NaN'
		 ELSE g * 1234567890123456789.12345 END,
	CASE WHEN corpus_null(g, 20) THEN NULL WHEN g % 50 = 34 THEN 9999900 ELSE g * 100 END,
	CASE WHEN corpus_null(g, 21) THEN NULL ELSE g * 0.0000000001 / 1000 END,
	CASE WHEN corpus_null(g, 22) THEN NULL ELSE g * 1.5 END,
	-- strings: 12 and 13 bytes (a view's inline edge), 126 and 127 (the short
	-- header's), compressed inline, and external
	CASE WHEN corpus_null(g, 23) THEN NULL
		 WHEN g % 50 = 37 THEN repeat('x', 12) WHEN g % 50 = 38 THEN repeat('y', 13)
		 WHEN g % 50 = 39 THEN repeat('z', 126) WHEN g % 50 = 40 THEN repeat('w', 127)
		 WHEN g % 50 = 41 THEN repeat('compressible ', 400)
		 WHEN g % 50 = 42 THEN (SELECT string_agg(md5((g * 1000 + s)::text), '') FROM generate_series(1, 300) s)
		 WHEN g % 50 = 43 THEN '' WHEN g % 50 = 44 THEN 'äöü €'
		 ELSE 'row ' || g END,
	CASE WHEN corpus_null(g, 24) THEN NULL ELSE repeat(chr(97 + g % 26), g % 200) END,
	CASE WHEN corpus_null(g, 25) THEN NULL WHEN g % 50 = 45 THEN '' ELSE substr('abcdefgh', 1 + g % 5, g % 4) END,
	CASE WHEN corpus_null(g, 26) THEN NULL
		 WHEN g % 50 = 46 THEN '\x00ff00'::bytea WHEN g % 50 = 47 THEN decode(repeat('ab', 70), 'hex')
		 ELSE int4send(g) END,
	CASE WHEN corpus_null(g, 27) THEN NULL ELSE ('{"g": ' || g || ', "s": "' || repeat('j', g % 20) || '"}')::json END,
	CASE WHEN corpus_null(g, 28) THEN NULL ELSE ('{"g": ' || g || ', "a": [1, 2, ' || g % 10 || ']}')::jsonb END,
	CASE WHEN corpus_null(g, 29) THEN NULL ELSE md5(g::text)::uuid END,
	CASE WHEN corpus_null(g, 30) THEN NULL ELSE ('name_' || g)::name END,
	CASE WHEN corpus_null(g, 31) THEN NULL ELSE ('08:00:2b:01:02:' || lpad(to_hex(g % 256), 2, '0'))::macaddr END,
	CASE WHEN corpus_null(g, 32) THEN NULL ELSE ('08:00:2b:01:02:03:04:' || lpad(to_hex(g % 256), 2, '0'))::macaddr8 END,
	CASE WHEN corpus_null(g, 33) THEN NULL ELSE ('10.' || g % 256 || '.' || g / 256 % 256 || '.1/24')::inet END,
	CASE WHEN corpus_null(g, 34) THEN NULL ELSE point(g, -g / 3.0) END,
	CASE WHEN corpus_null(g, 35) THEN NULL ELSE ARRAY[g, g + 1, NULL, g % 5] END,
	CASE WHEN corpus_null(g, 36) THEN NULL ELSE ARRAY['a' || g, NULL, repeat('t', g % 30)] END,
	42,
	CASE WHEN corpus_null(g, 37) THEN NULL WHEN g % 10 = 1 THEN repeat('external ' || g, 400)
		 ELSE 'short ' || g END
FROM generate_series(1, 2600) g;
ANALYZE corpus;
-- every type of the corpus, in both formats, against ModifyTable's load
CREATE TABLE ins_off (LIKE corpus);
CREATE TABLE ins_vec (LIKE corpus);
SET vexec.mode = off;
INSERT INTO ins_off SELECT * FROM corpus;
SET vexec.mode = force;
EXPLAIN (COSTS OFF) INSERT INTO ins_vec SELECT * FROM corpus;
          QUERY PLAN          
------------------------------
 Vec Insert on ins_vec
   Write: table_multi_insert
   ->  Vec Seq Scan on corpus
(3 rows)

DO $$
DECLARE
	f text;
	n bigint;
BEGIN
	FOREACH f IN ARRAY ARRAY['postgres', 'arrow'] LOOP
		PERFORM set_config('vexec.batch_format', f, true);
		TRUNCATE ins_vec;
		INSERT INTO ins_vec SELECT * FROM corpus;
		-- as text: json has no equality
		SELECT count(*) INTO n FROM (
			(SELECT rv::text FROM ins_vec rv EXCEPT ALL SELECT ro::text FROM ins_off ro)
			UNION ALL
			(SELECT ro::text FROM ins_off ro EXCEPT ALL SELECT rv::text FROM ins_vec rv)) x;
		RAISE NOTICE 'format %: % rows, % differ', f, (SELECT count(*) FROM ins_vec), n;
	END LOOP;
END $$;
NOTICE:  format postgres: 2600 rows, 0 differ
NOTICE:  format arrow: 2600 rows, 0 differ
RESET vexec.batch_format;
-- rows a row node gives, gathered into batches; the count in the tag
EXPLAIN (COSTS OFF) INSERT INTO ins_vec SELECT * FROM corpus ORDER BY id LIMIT 10;
                                QUERY PLAN                                
--------------------------------------------------------------------------
 Vec Insert on ins_vec
   Write: table_multi_insert
   ->  Limit
         ->  Vec Sort
               Sort Key: id
               Bound: 10
               Columns: the keys and TIDs sorted, the rest fetched by TID
               ->  Vec Seq Scan on corpus
(8 rows)

INSERT INTO ins_vec (id, tx) VALUES (-1, 'one'), (-2, 'two');
EXPLAIN (ANALYZE, COSTS OFF, TIMING OFF, SUMMARY OFF, BUFFERS OFF)
  INSERT INTO ins_vec (id, i4) SELECT g, g FROM generate_series(1, 2500) g;
                               QUERY PLAN                               
------------------------------------------------------------------------
 Vec Insert on ins_vec (actual rows=0.00 loops=1)
   Write: table_multi_insert
   Rows Inserted: 2500
   Batches Through table_multi_insert: 3
   ->  Function Scan on generate_series g (actual rows=2500.00 loops=1)
(5 rows)

-- what the target computes: defaults, identity, generated columns, domains
CREATE DOMAIN ins_pos AS int4 CHECK (VALUE > 0);
CREATE SEQUENCE ins_seq;
CREATE TABLE ins_comp (
	id int4 GENERATED ALWAYS AS IDENTITY,
	s int8 DEFAULT nextval('ins_seq'),
	k ins_pos,
	t text DEFAULT 'none',
	g int4 GENERATED ALWAYS AS (k * 2) STORED,
	v int4 GENERATED ALWAYS AS (id + 1) VIRTUAL);
INSERT INTO ins_comp (k) SELECT g FROM generate_series(1, 3000) g;
SELECT count(*), sum(id), sum(s), sum(g), sum(v), count(*) FILTER (WHERE t = 'none') FROM ins_comp;
 count |   sum   |   sum   |   sum   |   sum   | count 
-------+---------+---------+---------+---------+-------
  3000 | 4501500 | 4501500 | 9003000 | 4504500 |  3000
(1 row)

INSERT INTO ins_comp (k) SELECT g - 5 FROM generate_series(1, 3000) g;
ERROR:  value for domain ins_pos violates check constraint "ins_pos_check"
-- constraints: NOT NULL and CHECK, PostgreSQL's errors, the first failing
-- row's; a unique index's violation; nothing written
CREATE TABLE ins_chk (id int4 NOT NULL, a int4 CHECK (a < 2000), u int4 UNIQUE);
INSERT INTO ins_chk SELECT g, g % 1000, g FROM generate_series(1, 3000) g;
INSERT INTO ins_chk SELECT CASE WHEN g = 2222 THEN NULL ELSE g END, 1, -g FROM generate_series(1, 3000) g;
ERROR:  null value in column "id" of relation "ins_chk" violates not-null constraint
DETAIL:  Failing row contains (null, 1, -2222).
INSERT INTO ins_chk SELECT g, CASE WHEN g = 1777 THEN 5000 ELSE 1 END, -g FROM generate_series(1, 3000) g;
ERROR:  new row for relation "ins_chk" violates check constraint "ins_chk_a_check"
DETAIL:  Failing row contains (1777, 5000, -1777).
INSERT INTO ins_chk SELECT g, 1, 10 + g % 2000 FROM generate_series(1, 3000) g;
ERROR:  duplicate key value violates unique constraint "ins_chk_u_key"
DETAIL:  Key (u)=(11) already exists.
SELECT count(*), sum(id) FROM ins_chk;
 count |   sum   
-------+---------
  3000 | 4501500
(1 row)

SET vexec.mode = off;
INSERT INTO ins_chk SELECT CASE WHEN g = 2222 THEN NULL ELSE g END, 1, -g FROM generate_series(1, 3000) g;
ERROR:  null value in column "id" of relation "ins_chk" violates not-null constraint
DETAIL:  Failing row contains (null, 1, -2222).
INSERT INTO ins_chk SELECT g, CASE WHEN g = 1777 THEN 5000 ELSE 1 END, -g FROM generate_series(1, 3000) g;
ERROR:  new row for relation "ins_chk" violates check constraint "ins_chk_a_check"
DETAIL:  Failing row contains (1777, 5000, -1777).
INSERT INTO ins_chk SELECT g, 1, 10 + g % 2000 FROM generate_series(1, 3000) g;
ERROR:  duplicate key value violates unique constraint "ins_chk_u_key"
DETAIL:  Key (u)=(11) already exists.
SET vexec.mode = force;
-- an error in the middle of the statement, and one in the middle of a
-- batch: the table as it was
BEGIN;
INSERT INTO ins_chk SELECT g, 1, 100000 + g FROM generate_series(1, 2000) g;
INSERT INTO ins_chk SELECT g, 1, 200000 + g + 0 * (g / (g - 1500)) FROM generate_series(1, 2000) g;
ERROR:  division by zero
ROLLBACK;
SELECT count(*), sum(id) FROM ins_chk;
 count |   sum   
-------+---------
  3000 | 4501500
(1 row)

-- char(n) and varchar(n) from text: the length coercions' kernels, padding,
-- cutting what is blank, explicit casts cutting, PostgreSQL's errors
CREATE TABLE ins_len (id int4, c5 char(5), v5 varchar(5), c2 char(2));
CREATE TABLE ins_len_off (LIKE ins_len);
CREATE TEMP TABLE ins_strs AS
SELECT g AS id,
	CASE g % 7 WHEN 0 THEN NULL WHEN 1 THEN 'ab' WHEN 2 THEN 'abcde' WHEN 3 THEN 'abc  '
		WHEN 4 THEN 'äöü' WHEN 5 THEN 'ab     ' ELSE '日本' END AS t
FROM generate_series(1, 3000) g;
EXPLAIN (COSTS OFF, VERBOSE) INSERT INTO ins_len SELECT id, t, t, left(t, 2)::char(2) FROM ins_strs;
                                                             QUERY PLAN                                                             
------------------------------------------------------------------------------------------------------------------------------------
 Vec Insert on ins_len
   Output: ins_strs.id, ((ins_strs.t)::character(5)), ((ins_strs.t)::character varying(5)), (("left"(ins_strs.t, 2))::character(2))
   Write: table_multi_insert
   Input: rows
   ->  Vec Seq Scan on pg_temp.ins_strs
         Output: ins_strs.id, ins_strs.t, ins_strs.t, ("left"(ins_strs.t, 2))::character(2)
         Batch Format: postgres
         Kernel Steps: 2
         Fallback Steps: 0
         Row-by-Row Targets: 1
         Source: heap's pages
(11 rows)

INSERT INTO ins_len SELECT id, t, t, t::char(2) FROM ins_strs;
SET vexec.mode = off;
INSERT INTO ins_len_off SELECT id, t, t, t::char(2) FROM ins_strs;
SET vexec.mode = force;
SELECT count(*) AS differ FROM (
	(SELECT * FROM ins_len EXCEPT ALL SELECT * FROM ins_len_off)
	UNION ALL
	(SELECT * FROM ins_len_off EXCEPT ALL SELECT * FROM ins_len)) x;
 differ 
--------
      0
(1 row)

SELECT id, c5, octet_length(c5), v5, c2 FROM ins_len WHERE id <= 7 ORDER BY id;
 id |   c5    | octet_length |  v5   |  c2  
----+---------+--------------+-------+------
  1 | ab      |            5 | ab    | ab
  2 | abcde   |            5 | abcde | ab
  3 | abc     |            5 | abc   | ab
  4 | äöü     |            8 | äöü   | äö
  5 | ab      |            5 | ab    | ab
  6 | 日本    |            9 | 日本  | 日本
  7 |         |              |       | 
(7 rows)

INSERT INTO ins_len (id, c2) SELECT id, t FROM ins_strs;
ERROR:  value too long for type character(2)
INSERT INTO ins_len (id, v5) SELECT id, t || 'x' FROM ins_strs;
ERROR:  value too long for type character varying(5)
-- where ModifyTable stays, and why
CREATE TABLE ins_trg (a int4);
CREATE FUNCTION ins_trg_fn() RETURNS trigger LANGUAGE plpgsql AS $$ BEGIN RETURN NEW; END $$;
CREATE TRIGGER ins_trg_t BEFORE INSERT ON ins_trg FOR EACH ROW EXECUTE FUNCTION ins_trg_fn();
CREATE TABLE ins_ref (a int4 PRIMARY KEY);
CREATE TABLE ins_fk (a int4 REFERENCES ins_ref);
CREATE TABLE ins_def (a int4 UNIQUE DEFERRABLE);
CREATE VIEW ins_view AS SELECT a FROM ins_ref WHERE a > 0 WITH CHECK OPTION;
EXPLAIN (COSTS OFF, VEXEC) INSERT INTO ins_trg SELECT g FROM generate_series(1, 10) g;
                                             QUERY PLAN                                             
----------------------------------------------------------------------------------------------------
 Insert on ins_trg
   ->  Function Scan on generate_series g
 Vexec: mode force, format postgres
   VecInsert on INSERT INTO ins_trg: not possible (a trigger on INSERT, a foreign key's among them)
(4 rows)

EXPLAIN (COSTS OFF, VEXEC) INSERT INTO ins_fk SELECT g FROM generate_series(1, 10) g;
                                            QUERY PLAN                                             
---------------------------------------------------------------------------------------------------
 Insert on ins_fk
   ->  Function Scan on generate_series g
 Vexec: mode force, format postgres
   VecInsert on INSERT INTO ins_fk: not possible (a trigger on INSERT, a foreign key's among them)
(4 rows)

EXPLAIN (COSTS OFF, VEXEC) INSERT INTO ins_def SELECT g FROM generate_series(1, 10) g;
                                             QUERY PLAN                                             
----------------------------------------------------------------------------------------------------
 Insert on ins_def
   ->  Function Scan on generate_series g
 Vexec: mode force, format postgres
   VecInsert on INSERT INTO ins_def: not possible (a trigger on INSERT, a foreign key's among them)
(4 rows)

EXPLAIN (COSTS OFF, VEXEC) INSERT INTO ins_ref SELECT g FROM generate_series(1, 10) g RETURNING a;
                          QUERY PLAN                          
--------------------------------------------------------------
 Insert on ins_ref
   ->  Function Scan on generate_series g
 Vexec: mode force, format postgres
   VecInsert on INSERT INTO ins_ref: not possible (RETURNING)
(4 rows)

EXPLAIN (COSTS OFF, VEXEC) INSERT INTO ins_ref SELECT g FROM generate_series(1, 10) g ON CONFLICT DO NOTHING;
                           QUERY PLAN                           
----------------------------------------------------------------
 Insert on ins_ref
   Conflict Resolution: NOTHING
   ->  Function Scan on generate_series g
 Vexec: mode force, format postgres
   VecInsert on INSERT INTO ins_ref: not possible (ON CONFLICT)
(5 rows)

EXPLAIN (COSTS OFF, VEXEC) INSERT INTO ins_view SELECT g FROM generate_series(1, 10) g;
                                                QUERY PLAN                                                 
-----------------------------------------------------------------------------------------------------------
 Insert on ins_ref
   ->  Function Scan on generate_series g
 Vexec: mode force, format postgres
   VecInsert on INSERT INTO ins_ref: not possible (a WITH CHECK option: row-level security's, or a view's)
(4 rows)

SET vexec.enable_insert = off;
EXPLAIN (COSTS OFF, VEXEC) INSERT INTO ins_ref SELECT g FROM generate_series(1, 10) g;
                                  QUERY PLAN                                   
-------------------------------------------------------------------------------
 Insert on ins_ref
   ->  Function Scan on generate_series g
 Vexec: mode force, format postgres
   VecInsert on INSERT INTO ins_ref: not possible (vexec.enable_insert is off)
(4 rows)

RESET vexec.enable_insert;
SET vexec.mode = auto;
EXPLAIN (COSTS OFF, VEXEC) INSERT INTO ins_ref VALUES (1);
                                      QUERY PLAN                                      
--------------------------------------------------------------------------------------
 Insert on ins_ref
   ->  Result
 Vexec: mode auto, format postgres
   VecInsert on INSERT INTO ins_ref: not possible (1 rows, fewer than vexec.min_rows)
(4 rows)

SET vexec.mode = force;
-- partitions: each row routed as COPY routes it, the partition's own
-- checks, a partition of another column order, a sub-partitioned level,
-- hash partitions every batch's rows spread among, PostgreSQL's errors
CREATE TABLE ins_pr (id int4 NOT NULL, d date NOT NULL, t text) PARTITION BY RANGE (d);
CREATE TABLE ins_pr_a PARTITION OF ins_pr FOR VALUES FROM ('2024-01-01') TO ('2024-04-01');
CREATE TABLE ins_pr_b (t text, junk int4, d date NOT NULL, id int4 NOT NULL);
ALTER TABLE ins_pr_b DROP COLUMN junk;
ALTER TABLE ins_pr ATTACH PARTITION ins_pr_b FOR VALUES FROM ('2024-04-01') TO ('2024-07-01');
CREATE TABLE ins_pr_c PARTITION OF ins_pr FOR VALUES FROM ('2024-07-01') TO ('2025-01-01')
	PARTITION BY LIST ((id % 2));
CREATE TABLE ins_pr_c0 PARTITION OF ins_pr_c FOR VALUES IN (0);
CREATE TABLE ins_pr_c1 PARTITION OF ins_pr_c FOR VALUES IN (1);
ALTER TABLE ins_pr_c1 ADD CONSTRAINT ins_pr_c1_t CHECK (t <> 'bad');
CREATE UNIQUE INDEX ON ins_pr_a (id);
CREATE TABLE ins_pr_off (LIKE ins_pr);
CREATE TEMP TABLE ins_pr_src AS
SELECT g AS id, DATE '2024-01-01' + (g % 365) AS d, 'v' || g AS t FROM generate_series(1, 10000) g;
EXPLAIN (COSTS OFF, VEXEC) INSERT INTO ins_pr SELECT * FROM ins_pr_src;
                                                 QUERY PLAN                                                  
-------------------------------------------------------------------------------------------------------------
 Vec Insert on ins_pr
   Write: each partition's
   ->  Vec Seq Scan on ins_pr_src
 Vexec: mode force, format postgres
   VecScan on ins_pr_src: added (forced: the relation's scans, partial ones too)
     source: heap's pages; quals: 0 kernel steps, 0 fallback steps; target: 0 kernel steps, 0 fallback steps
   VecInsert on INSERT INTO ins_pr: added (forced: the aggregation's paths)
     each partition's sink or table_multi_insert, the rows routed; input: batches
(8 rows)

EXPLAIN (ANALYZE, COSTS OFF, TIMING OFF, SUMMARY OFF, BUFFERS OFF) INSERT INTO ins_pr SELECT * FROM ins_pr_src;
                           QUERY PLAN                            
-----------------------------------------------------------------
 Vec Insert on ins_pr (actual rows=0.00 loops=1)
   Write: each partition's
   Rows Inserted: 10000
   Partitions Written: 4
   Batches Through table_multi_insert: 40
   Rows Checked Row by Row: 2470
   ->  Vec Seq Scan on ins_pr_src (actual rows=10000.00 loops=1)
(7 rows)

INSERT INTO ins_pr_off SELECT * FROM ins_pr_src;
SELECT tableoid::regclass, count(*), sum(id) FROM ins_pr GROUP BY 1 ORDER BY 1;
 tableoid  | count |   sum    
-----------+-------+----------
 ins_pr_a  |  2547 | 12669930
 ins_pr_b  |  2512 | 12541132
 ins_pr_c0 |  2471 | 12399478
 ins_pr_c1 |  2470 | 12394460
(4 rows)

SELECT count(*) AS differ FROM (
	(SELECT * FROM ins_pr EXCEPT ALL SELECT * FROM ins_pr_off)
	UNION ALL
	(SELECT * FROM ins_pr_off EXCEPT ALL SELECT * FROM ins_pr)) x;
 differ 
--------
      0
(1 row)

TRUNCATE ins_pr;
INSERT INTO ins_pr SELECT id, CASE WHEN id = 2500 THEN DATE '2030-01-01' ELSE d END, t FROM ins_pr_src;
ERROR:  no partition of relation "ins_pr" found for row
DETAIL:  Partition key of the failing row contains (d) = (01-01-2030).
INSERT INTO ins_pr SELECT CASE WHEN id = 2500 THEN NULL ELSE id END, d, t FROM ins_pr_src;
ERROR:  no partition of relation "ins_pr_c" found for row
DETAIL:  Partition key of the failing row contains ((id % 2)) = (null).
INSERT INTO ins_pr SELECT id, d, CASE WHEN id = 2549 THEN 'bad' ELSE t END FROM ins_pr_src;
ERROR:  new row for relation "ins_pr_c1" violates check constraint "ins_pr_c1_t"
DETAIL:  Failing row contains (2549, 12-25-2024, bad).
INSERT INTO ins_pr VALUES (7, '2024-01-08', 'x'), (7, '2024-01-08', 'y');
ERROR:  duplicate key value violates unique constraint "ins_pr_a_id_idx"
DETAIL:  Key (id)=(7) already exists.
SET vexec.mode = off;
INSERT INTO ins_pr SELECT id, CASE WHEN id = 2500 THEN DATE '2030-01-01' ELSE d END, t FROM ins_pr_src;
ERROR:  no partition of relation "ins_pr" found for row
DETAIL:  Partition key of the failing row contains (d) = (01-01-2030).
INSERT INTO ins_pr SELECT CASE WHEN id = 2500 THEN NULL ELSE id END, d, t FROM ins_pr_src;
ERROR:  no partition of relation "ins_pr_c" found for row
DETAIL:  Partition key of the failing row contains ((id % 2)) = (null).
INSERT INTO ins_pr SELECT id, d, CASE WHEN id = 2549 THEN 'bad' ELSE t END FROM ins_pr_src;
ERROR:  new row for relation "ins_pr_c1" violates check constraint "ins_pr_c1_t"
DETAIL:  Failing row contains (2549, 12-25-2024, bad).
INSERT INTO ins_pr VALUES (7, '2024-01-08', 'x'), (7, '2024-01-08', 'y');
ERROR:  duplicate key value violates unique constraint "ins_pr_a_id_idx"
DETAIL:  Key (id)=(7) already exists.
SET vexec.mode = force;
SELECT count(*) FROM ins_pr;
 count 
-------
     0
(1 row)

CREATE TABLE ins_ph (id int4, g int4 GENERATED ALWAYS AS (id * 2) STORED) PARTITION BY HASH (id);
SELECT format('CREATE TABLE ins_ph_%s PARTITION OF ins_ph FOR VALUES WITH (MODULUS 40, REMAINDER %s)', r, r)
FROM generate_series(0, 39) r \gexec
CREATE TABLE ins_ph_0 PARTITION OF ins_ph FOR VALUES WITH (MODULUS 40, REMAINDER 0)
CREATE TABLE ins_ph_1 PARTITION OF ins_ph FOR VALUES WITH (MODULUS 40, REMAINDER 1)
CREATE TABLE ins_ph_2 PARTITION OF ins_ph FOR VALUES WITH (MODULUS 40, REMAINDER 2)
CREATE TABLE ins_ph_3 PARTITION OF ins_ph FOR VALUES WITH (MODULUS 40, REMAINDER 3)
CREATE TABLE ins_ph_4 PARTITION OF ins_ph FOR VALUES WITH (MODULUS 40, REMAINDER 4)
CREATE TABLE ins_ph_5 PARTITION OF ins_ph FOR VALUES WITH (MODULUS 40, REMAINDER 5)
CREATE TABLE ins_ph_6 PARTITION OF ins_ph FOR VALUES WITH (MODULUS 40, REMAINDER 6)
CREATE TABLE ins_ph_7 PARTITION OF ins_ph FOR VALUES WITH (MODULUS 40, REMAINDER 7)
CREATE TABLE ins_ph_8 PARTITION OF ins_ph FOR VALUES WITH (MODULUS 40, REMAINDER 8)
CREATE TABLE ins_ph_9 PARTITION OF ins_ph FOR VALUES WITH (MODULUS 40, REMAINDER 9)
CREATE TABLE ins_ph_10 PARTITION OF ins_ph FOR VALUES WITH (MODULUS 40, REMAINDER 10)
CREATE TABLE ins_ph_11 PARTITION OF ins_ph FOR VALUES WITH (MODULUS 40, REMAINDER 11)
CREATE TABLE ins_ph_12 PARTITION OF ins_ph FOR VALUES WITH (MODULUS 40, REMAINDER 12)
CREATE TABLE ins_ph_13 PARTITION OF ins_ph FOR VALUES WITH (MODULUS 40, REMAINDER 13)
CREATE TABLE ins_ph_14 PARTITION OF ins_ph FOR VALUES WITH (MODULUS 40, REMAINDER 14)
CREATE TABLE ins_ph_15 PARTITION OF ins_ph FOR VALUES WITH (MODULUS 40, REMAINDER 15)
CREATE TABLE ins_ph_16 PARTITION OF ins_ph FOR VALUES WITH (MODULUS 40, REMAINDER 16)
CREATE TABLE ins_ph_17 PARTITION OF ins_ph FOR VALUES WITH (MODULUS 40, REMAINDER 17)
CREATE TABLE ins_ph_18 PARTITION OF ins_ph FOR VALUES WITH (MODULUS 40, REMAINDER 18)
CREATE TABLE ins_ph_19 PARTITION OF ins_ph FOR VALUES WITH (MODULUS 40, REMAINDER 19)
CREATE TABLE ins_ph_20 PARTITION OF ins_ph FOR VALUES WITH (MODULUS 40, REMAINDER 20)
CREATE TABLE ins_ph_21 PARTITION OF ins_ph FOR VALUES WITH (MODULUS 40, REMAINDER 21)
CREATE TABLE ins_ph_22 PARTITION OF ins_ph FOR VALUES WITH (MODULUS 40, REMAINDER 22)
CREATE TABLE ins_ph_23 PARTITION OF ins_ph FOR VALUES WITH (MODULUS 40, REMAINDER 23)
CREATE TABLE ins_ph_24 PARTITION OF ins_ph FOR VALUES WITH (MODULUS 40, REMAINDER 24)
CREATE TABLE ins_ph_25 PARTITION OF ins_ph FOR VALUES WITH (MODULUS 40, REMAINDER 25)
CREATE TABLE ins_ph_26 PARTITION OF ins_ph FOR VALUES WITH (MODULUS 40, REMAINDER 26)
CREATE TABLE ins_ph_27 PARTITION OF ins_ph FOR VALUES WITH (MODULUS 40, REMAINDER 27)
CREATE TABLE ins_ph_28 PARTITION OF ins_ph FOR VALUES WITH (MODULUS 40, REMAINDER 28)
CREATE TABLE ins_ph_29 PARTITION OF ins_ph FOR VALUES WITH (MODULUS 40, REMAINDER 29)
CREATE TABLE ins_ph_30 PARTITION OF ins_ph FOR VALUES WITH (MODULUS 40, REMAINDER 30)
CREATE TABLE ins_ph_31 PARTITION OF ins_ph FOR VALUES WITH (MODULUS 40, REMAINDER 31)
CREATE TABLE ins_ph_32 PARTITION OF ins_ph FOR VALUES WITH (MODULUS 40, REMAINDER 32)
CREATE TABLE ins_ph_33 PARTITION OF ins_ph FOR VALUES WITH (MODULUS 40, REMAINDER 33)
CREATE TABLE ins_ph_34 PARTITION OF ins_ph FOR VALUES WITH (MODULUS 40, REMAINDER 34)
CREATE TABLE ins_ph_35 PARTITION OF ins_ph FOR VALUES WITH (MODULUS 40, REMAINDER 35)
CREATE TABLE ins_ph_36 PARTITION OF ins_ph FOR VALUES WITH (MODULUS 40, REMAINDER 36)
CREATE TABLE ins_ph_37 PARTITION OF ins_ph FOR VALUES WITH (MODULUS 40, REMAINDER 37)
CREATE TABLE ins_ph_38 PARTITION OF ins_ph FOR VALUES WITH (MODULUS 40, REMAINDER 38)
CREATE TABLE ins_ph_39 PARTITION OF ins_ph FOR VALUES WITH (MODULUS 40, REMAINDER 39)
EXPLAIN (ANALYZE, COSTS OFF, TIMING OFF, SUMMARY OFF, BUFFERS OFF)
  INSERT INTO ins_ph (id) SELECT g FROM generate_series(1, 10000) g;
                               QUERY PLAN                                
-------------------------------------------------------------------------
 Vec Insert on ins_ph (actual rows=0.00 loops=1)
   Write: each partition's
   Rows Inserted: 10000
   Partitions Written: 40
   Batches Through table_multi_insert: 400
   Rows Checked Row by Row: 10000
   ->  Function Scan on generate_series g (actual rows=10000.00 loops=1)
(7 rows)

SELECT count(*), sum(g), count(DISTINCT tableoid) FROM ins_ph;
 count |    sum    | count 
-------+-----------+-------
 10000 | 100010000 |    40
(1 row)

-- a trigger made on a partition: a plan made before it is made again
PREPARE ins_prep AS INSERT INTO ins_pr SELECT * FROM ins_pr_src WHERE id <= 100;
TRUNCATE ins_pr;
EXPLAIN (COSTS OFF) EXECUTE ins_prep;
            QUERY PLAN            
----------------------------------
 Vec Insert on ins_pr
   Write: each partition's
   ->  Vec Seq Scan on ins_pr_src
         Filter: (id <= 100)
(4 rows)

EXECUTE ins_prep;
CREATE FUNCTION ins_mark() RETURNS trigger LANGUAGE plpgsql AS $$ BEGIN NEW.t := 'marked'; RETURN NEW; END $$;
CREATE TRIGGER ins_mark_t BEFORE INSERT ON ins_pr_a FOR EACH ROW EXECUTE FUNCTION ins_mark();
TRUNCATE ins_pr;
EXPLAIN (COSTS OFF) EXECUTE ins_prep;
            QUERY PLAN            
----------------------------------
 Insert on ins_pr
   ->  Vec Seq Scan on ins_pr_src
         Filter: (id <= 100)
(3 rows)

EXECUTE ins_prep;
SELECT count(*) FILTER (WHERE t = 'marked') AS marked, count(*) FROM ins_pr;
 marked | count 
--------+-------
     90 |   100
(1 row)

DEALLOCATE ins_prep;
DROP TABLE ins_off, ins_vec, ins_comp, ins_chk, ins_len, ins_len_off, ins_trg, ins_fk,
	ins_def, ins_pr, ins_pr_off, ins_ph CASCADE;
DROP TABLE ins_ref CASCADE;
NOTICE:  drop cascades to view ins_view
DROP FUNCTION ins_trg_fn(), ins_mark();
DROP DOMAIN ins_pos;
DROP SEQUENCE ins_seq;
DROP TABLE corpus;
DROP FUNCTION corpus_null(int4, int4);
